exports[`Pagination renders correctly 1`] = `
Object {
  "child": Array [
    Object {
      "attr": Object {
        "class": Array [
          "uk-pagination",
          "uk-pagination-left",
        ],
      },
      "child": Array [
        Object {
          "attr": Object {
            "class": "uk-disabled",
          },
          "child": Array [
            Object {
              "child": Array [
                Object {
                  "attr": Object {
                    "class": "uk-icon",
                  },
                  "node": "element",
                  "tag": "i",
                },
              ],
              "node": "element",
              "tag": "span",
            },
            Object {
              "child": Array [
                Object {
                  "attr": Object {
                    "class": "uk-icon",
                  },
                  "node": "element",
                  "tag": "i",
                },
              ],
              "node": "element",
              "tag": "span",
            },
          ],
          "node": "element",
          "tag": "li",
        },
        Object {
          "node": "comment",
          "text": "",
        },
        Object {
          "attr": Object {
            "class": "uk-active",
          },
          "child": Array [
            Object {
              "child": Array [
                Object {
                  "node": "text",
                  "text": "1",
                },
              ],
              "node": "element",
              "tag": "span",
            },
          ],
          "node": "element",
          "tag": "li",
        },
        Object {
          "attr": Object {
            "class": "",
          },
          "child": Array [
            Object {
              "node": "comment",
              "text": "",
            },
          ],
          "node": "element",
          "tag": "li",
        },
        Object {
          "attr": Object {
            "class": "",
          },
          "child": Array [
            Object {
              "node": "comment",
              "text": "",
            },
          ],
          "node": "element",
          "tag": "li",
        },
        Object {
          "attr": Object {
            "class": "",
          },
          "child": Array [
            Object {
              "node": "comment",
              "text": "",
            },
          ],
          "node": "element",
          "tag": "li",
        },
        Object {
          "attr": Object {
            "class": "",
          },
          "child": Array [
            Object {
              "node": "comment",
              "text": "",
            },
          ],
          "node": "element",
          "tag": "li",
        },
        Object {
          "child": Array [
            Object {
              "child": Array [
                Object {
                  "node": "text",
                  "text": "...",
                },
              ],
              "node": "element",
              "tag": "span",
            },
          ],
          "node": "element",
          "tag": "li",
        },
        Object {
          "attr": Object {
            "class": "",
          },
          "child": Array [
            Object {
              "node": "comment",
              "text": "",
            },
          ],
          "node": "element",
          "tag": "li",
        },
        Object {
          "attr": Object {
            "class": "",
          },
          "child": Array [
            Object {
              "child": Array [
                Object {
                  "attr": Object {
                    "class": "uk-icon-angle-right",
                  },
                  "node": "element",
                  "tag": "i",
                },
              ],
              "node": "element",
              "tag": "a",
            },
            Object {
              "child": Array [
                Object {
                  "attr": Object {
                    "class": "uk-icon-angle-double-right",
                  },
                  "node": "element",
                  "tag": "i",
                },
              ],
              "node": "element",
              "tag": "a",
            },
          ],
          "node": "element",
          "tag": "li",
        },
      ],
      "node": "element",
      "tag": "ul",
    },
  ],
  "node": "root",
}
`;

exports[`Pagination renders correctly 2`] = `
Object {
  "child": Array [
    Object {
      "attr": Object {
        "class": "uk-pagination",
      },
      "child": Array [
        Object {
          "attr": Object {
            "class": "uk-pagination-previous",
          },
          "child": Array [
            Object {
              "child": Array [
                Object {
                  "attr": Object {
                    "class": "uk-icon-angle-double-left",
                  },
                  "node": "element",
                  "tag": "i",
                },
              ],
              "node": "element",
              "tag": "a",
            },
            Object {
              "child": Array [
                Object {
                  "attr": Object {
                    "class": "uk-icon-angle-left",
                  },
                  "node": "element",
                  "tag": "i",
                },
              ],
              "node": "element",
              "tag": "a",
            },
          ],
          "node": "element",
          "tag": "li",
        },
        Object {
          "attr": Object {
            "class": "",
          },
          "child": Array [
            Object {
              "node": "comment",
              "text": "",
            },
          ],
          "node": "element",
          "tag": "li",
        },
        Object {
          "child": Array [
            Object {
              "child": Array [
                Object {
                  "node": "text",
                  "text": "...",
                },
              ],
              "node": "element",
              "tag": "span",
            },
          ],
          "node": "element",
          "tag": "li",
        },
        Object {
          "attr": Object {
            "class": "",
          },
          "child": Array [
            Object {
              "node": "comment",
              "text": "",
            },
          ],
          "node": "element",
          "tag": "li",
        },
        Object {
          "attr": Object {
            "class": "",
          },
          "child": Array [
            Object {
              "node": "comment",
              "text": "",
            },
          ],
          "node": "element",
          "tag": "li",
        },
        Object {
          "attr": Object {
            "class": "uk-active",
          },
          "child": Array [
            Object {
              "child": Array [
                Object {
                  "node": "text",
                  "text": "10",
                },
              ],
              "node": "element",
              "tag": "span",
            },
          ],
          "node": "element",
          "tag": "li",
        },
        Object {
          "attr": Object {
            "class": "",
          },
          "child": Array [
            Object {
              "node": "comment",
              "text": "",
            },
          ],
          "node": "element",
          "tag": "li",
        },
        Object {
          "attr": Object {
            "class": "",
          },
          "child": Array [
            Object {
              "node": "comment",
              "text": "",
            },
          ],
          "node": "element",
          "tag": "li",
        },
        Object {
          "child": Array [
            Object {
              "child": Array [
                Object {
                  "node": "text",
                  "text": "...",
                },
              ],
              "node": "element",
              "tag": "span",
            },
          ],
          "node": "element",
          "tag": "li",
        },
        Object {
          "attr": Object {
            "class": "",
          },
          "child": Array [
            Object {
              "node": "comment",
              "text": "",
            },
          ],
          "node": "element",
          "tag": "li",
        },
        Object {
          "attr": Object {
            "class": "uk-pagination-next",
          },
          "child": Array [
            Object {
              "child": Array [
                Object {
                  "attr": Object {
                    "class": "uk-icon-angle-right",
                  },
                  "node": "element",
                  "tag": "i",
                },
              ],
              "node": "element",
              "tag": "a",
            },
            Object {
              "child": Array [
                Object {
                  "attr": Object {
                    "class": "uk-icon-angle-double-right",
                  },
                  "node": "element",
                  "tag": "i",
                },
              ],
              "node": "element",
              "tag": "a",
            },
          ],
          "node": "element",
          "tag": "li",
        },
      ],
      "node": "element",
      "tag": "ul",
    },
  ],
  "node": "root",
}
`;

exports[`Pagination renders correctly 3`] = `
Object {
  "child": Array [
    Object {
      "attr": Object {
        "class": "uk-pagination",
      },
      "child": Array [
        Object {
          "attr": Object {
            "class": "uk-pagination-previous",
          },
          "child": Array [
            Object {
              "child": Array [
                Object {
                  "attr": Object {
                    "class": "uk-icon-angle-double-left",
                  },
                  "node": "element",
                  "tag": "i",
                },
              ],
              "node": "element",
              "tag": "a",
            },
            Object {
              "child": Array [
                Object {
                  "attr": Object {
                    "class": "uk-icon-angle-left",
                  },
                  "node": "element",
                  "tag": "i",
                },
              ],
              "node": "element",
              "tag": "a",
            },
          ],
          "node": "element",
          "tag": "li",
        },
        Object {
          "attr": Object {
            "class": "",
          },
          "child": Array [
            Object {
              "node": "comment",
              "text": "",
            },
          ],
          "node": "element",
          "tag": "li",
        },
        Object {
          "child": Array [
            Object {
              "child": Array [
                Object {
                  "node": "text",
                  "text": "...",
                },
              ],
              "node": "element",
              "tag": "span",
            },
          ],
          "node": "element",
          "tag": "li",
        },
        Object {
          "attr": Object {
            "class": "",
          },
          "child": Array [
            Object {
              "node": "comment",
              "text": "",
            },
          ],
          "node": "element",
          "tag": "li",
        },
        Object {
          "attr": Object {
            "class": "",
          },
          "child": Array [
            Object {
              "node": "comment",
              "text": "",
            },
          ],
          "node": "element",
          "tag": "li",
        },
        Object {
          "attr": Object {
            "class": "",
          },
          "child": Array [
            Object {
              "node": "comment",
              "text": "",
            },
          ],
          "node": "element",
          "tag": "li",
        },
        Object {
          "attr": Object {
            "class": "",
          },
          "child": Array [
            Object {
              "node": "comment",
              "text": "",
            },
          ],
          "node": "element",
          "tag": "li",
        },
        Object {
          "attr": Object {
            "class": "uk-active",
          },
          "child": Array [
            Object {
              "child": Array [
                Object {
                  "node": "text",
                  "text": "20",
                },
              ],
              "node": "element",
              "tag": "span",
            },
          ],
          "node": "element",
          "tag": "li",
        },
        Object {
          "node": "comment",
          "text": "",
        },
        Object {
          "attr": Object {
            "class": Array [
              "uk-disabled",
              "uk-pagination-next",
            ],
          },
          "child": Array [
            Object {
              "child": Array [
                Object {
                  "attr": Object {
                    "class": "uk-icon",
                  },
                  "node": "element",
                  "tag": "i",
                },
              ],
              "node": "element",
              "tag": "span",
            },
            Object {
              "child": Array [
                Object {
                  "attr": Object {
                    "class": "uk-icon",
                  },
                  "node": "element",
                  "tag": "i",
                },
              ],
              "node": "element",
              "tag": "span",
            },
          ],
          "node": "element",
          "tag": "li",
        },
      ],
      "node": "element",
      "tag": "ul",
    },
  ],
  "node": "root",
}
`;

exports[`Pagination renders correctly 4`] = `
Object {
  "child": Array [
    Object {
      "attr": Object {
        "class": "uk-pagination",
      },
      "child": Array [
        Object {
          "attr": Object {
            "class": Array [
              "uk-disabled",
              "uk-pagination-previous",
            ],
          },
          "child": Array [
            Object {
              "child": Array [
                Object {
                  "attr": Object {
                    "class": "uk-icon",
                  },
                  "node": "element",
                  "tag": "i",
                },
              ],
              "node": "element",
              "tag": "span",
            },
            Object {
              "child": Array [
                Object {
                  "attr": Object {
                    "class": "uk-icon",
                  },
                  "node": "element",
                  "tag": "i",
                },
              ],
              "node": "element",
              "tag": "span",
            },
          ],
          "node": "element",
          "tag": "li",
        },
        Object {
          "node": "comment",
          "text": "",
        },
        Object {
          "attr": Object {
            "class": "uk-active",
          },
          "child": Array [
            Object {
              "child": Array [
                Object {
                  "node": "text",
                  "text": "1",
                },
              ],
              "node": "element",
              "tag": "span",
            },
          ],
          "node": "element",
          "tag": "li",
        },
        Object {
          "attr": Object {
            "class": "",
          },
          "child": Array [
            Object {
              "node": "comment",
              "text": "",
            },
          ],
          "node": "element",
          "tag": "li",
        },
        Object {
          "attr": Object {
            "class": "",
          },
          "child": Array [
            Object {
              "node": "comment",
              "text": "",
            },
          ],
          "node": "element",
          "tag": "li",
        },
        Object {
          "attr": Object {
            "class": "",
          },
          "child": Array [
            Object {
              "node": "comment",
              "text": "",
            },
          ],
          "node": "element",
          "tag": "li",
        },
        Object {
          "attr": Object {
            "class": "",
          },
          "child": Array [
            Object {
              "node": "comment",
              "text": "",
            },
          ],
          "node": "element",
          "tag": "li",
        },
        Object {
          "attr": Object {
            "class": "",
          },
          "child": Array [
            Object {
              "node": "comment",
              "text": "",
            },
          ],
          "node": "element",
          "tag": "li",
        },
        Object {
          "attr": Object {
            "class": "",
          },
          "child": Array [
            Object {
              "node": "comment",
              "text": "",
            },
          ],
          "node": "element",
          "tag": "li",
        },
        Object {
          "child": Array [
            Object {
              "child": Array [
                Object {
                  "node": "text",
                  "text": "...",
                },
              ],
              "node": "element",
              "tag": "span",
            },
          ],
          "node": "element",
          "tag": "li",
        },
        Object {
          "attr": Object {
            "class": "",
          },
          "child": Array [
            Object {
              "node": "comment",
              "text": "",
            },
          ],
          "node": "element",
          "tag": "li",
        },
        Object {
          "attr": Object {
            "class": "uk-pagination-next",
          },
          "child": Array [
            Object {
              "child": Array [
                Object {
                  "attr": Object {
                    "class": "uk-icon-angle-right",
                  },
                  "node": "element",
                  "tag": "i",
                },
              ],
              "node": "element",
              "tag": "a",
            },
            Object {
              "child": Array [
                Object {
                  "attr": Object {
                    "class": "uk-icon-angle-double-right",
                  },
                  "node": "element",
                  "tag": "i",
                },
              ],
              "node": "element",
              "tag": "a",
            },
          ],
          "node": "element",
          "tag": "li",
        },
      ],
      "node": "element",
      "tag": "ul",
    },
  ],
  "node": "root",
}
`;

exports[`Pagination renders correctly 5`] = `
Object {
  "child": Array [
    Object {
      "attr": Object {
        "class": "uk-pagination",
      },
      "child": Array [
        Object {
          "attr": Object {
            "class": Array [
              "uk-disabled",
              "uk-pagination-previous",
            ],
          },
          "child": Array [
            Object {
              "child": Array [
                Object {
                  "attr": Object {
                    "class": "uk-icon",
                  },
                  "node": "element",
                  "tag": "i",
                },
              ],
              "node": "element",
              "tag": "span",
            },
            Object {
              "child": Array [
                Object {
                  "attr": Object {
                    "class": "uk-icon",
                  },
                  "node": "element",
                  "tag": "i",
                },
              ],
              "node": "element",
              "tag": "span",
            },
          ],
          "node": "element",
          "tag": "li",
        },
        Object {
          "node": "comment",
          "text": "",
        },
        Object {
          "attr": Object {
            "class": "uk-active",
          },
          "child": Array [
            Object {
              "child": Array [
                Object {
                  "node": "text",
                  "text": "1",
                },
              ],
              "node": "element",
              "tag": "span",
            },
          ],
          "node": "element",
          "tag": "li",
        },
        Object {
          "attr": Object {
            "class": "",
          },
          "child": Array [
            Object {
              "node": "comment",
              "text": "",
            },
          ],
          "node": "element",
          "tag": "li",
        },
        Object {
          "attr": Object {
            "class": "",
          },
          "child": Array [
            Object {
              "node": "comment",
              "text": "",
            },
          ],
          "node": "element",
          "tag": "li",
        },
        Object {
          "attr": Object {
            "class": "",
          },
          "child": Array [
            Object {
              "node": "comment",
              "text": "",
            },
          ],
          "node": "element",
          "tag": "li",
        },
        Object {
          "attr": Object {
            "class": "",
          },
          "child": Array [
            Object {
              "node": "comment",
              "text": "",
            },
          ],
          "node": "element",
          "tag": "li",
        },
        Object {
          "child": Array [
            Object {
              "child": Array [
                Object {
                  "node": "text",
                  "text": "...",
                },
              ],
              "node": "element",
              "tag": "span",
            },
          ],
          "node": "element",
          "tag": "li",
        },
        Object {
          "attr": Object {
            "class": "",
          },
          "child": Array [
            Object {
              "node": "comment",
              "text": "",
            },
          ],
          "node": "element",
          "tag": "li",
        },
        Object {
          "attr": Object {
            "class": "uk-pagination-next",
          },
          "child": Array [
            Object {
              "child": Array [
                Object {
                  "attr": Object {
                    "class": "uk-icon-angle-right",
                  },
                  "node": "element",
                  "tag": "i",
                },
              ],
              "node": "element",
              "tag": "a",
            },
            Object {
              "child": Array [
                Object {
                  "attr": Object {
                    "class": "uk-icon-angle-double-right",
                  },
                  "node": "element",
                  "tag": "i",
                },
              ],
              "node": "element",
              "tag": "a",
            },
          ],
          "node": "element",
          "tag": "li",
        },
      ],
      "node": "element",
      "tag": "ul",
    },
  ],
  "node": "root",
}
`;
