exports[`Table Column Sort renders correctly 1`] = `
Object {
  "child": Array [
    Object {
      "attr": Object {
        "data": Array [
          "[object",
          "Object],[object",
          "Object],[object",
          "Object],[object",
          "Object],[object",
          "Object]",
        ],
      },
      "child": Array [
        Object {
          "attr": Object {
            "cellclass": "myCellClass",
            "headerclass": "myHeaderClass",
          },
          "child": Array [
            Object {
              "node": "element",
              "tag": "vk-table-column-sort",
            },
          ],
          "node": "element",
          "tag": "vk-table-column-sort",
        },
      ],
      "node": "element",
      "tag": "vk-table",
    },
  ],
  "node": "root",
}
`;
