exports[`Table renders correctly 1`] = `
Object {
  "child": Array [
    Object {
      "attr": Object {
        "class": Array [
          "uk-table",
          "uk-table-striped",
          "uk-table-condensed",
          "uk-table-hover",
        ],
      },
      "child": Array [
        Object {
          "child": Array [
            Object {
              "node": "element",
              "tag": "tr",
            },
          ],
          "node": "element",
          "tag": "thead",
        },
        Object {
          "child": Array [
            Object {
              "node": "element",
              "tag": "tr",
            },
            Object {
              "node": "element",
              "tag": "tr",
            },
            Object {
              "node": "element",
              "tag": "tr",
            },
            Object {
              "node": "element",
              "tag": "tr",
            },
            Object {
              "node": "element",
              "tag": "tr",
            },
          ],
          "node": "element",
          "tag": "tbody",
        },
      ],
      "node": "element",
      "tag": "table",
    },
  ],
  "node": "root",
}
`;
