exports[`Table Column Default renders correctly 1`] = `
Object {
  "child": Array [
    Object {
      "attr": Object {
        "class": "uk-table",
      },
      "child": Array [
        Object {
          "node": "element",
          "tag": "col",
        },
        Object {
          "node": "text",
          "text": "",
        },
        Object {
          "node": "element",
          "tag": "col",
        },
        Object {
          "child": Array [
            Object {
              "child": Array [
                Object {
                  "child": Array [
                    Object {
                      "node": "text",
                      "text": "Name",
                    },
                  ],
                  "node": "element",
                  "tag": "th",
                },
                Object {
                  "attr": Object {
                    "class": "myHeaderClass",
                  },
                  "node": "element",
                  "tag": "th",
                },
              ],
              "node": "element",
              "tag": "tr",
            },
          ],
          "node": "element",
          "tag": "thead",
        },
        Object {
          "child": Array [
            Object {
              "child": Array [
                Object {
                  "child": Array [
                    Object {
                      "node": "text",
                      "text": "ToyStory",
                    },
                  ],
                  "node": "element",
                  "tag": "td",
                },
                Object {
                  "attr": Object {
                    "class": "myCellClass",
                  },
                  "node": "element",
                  "tag": "td",
                },
              ],
              "node": "element",
              "tag": "tr",
            },
            Object {
              "child": Array [
                Object {
                  "child": Array [
                    Object {
                      "node": "text",
                      "text": "ABug\'sLife",
                    },
                  ],
                  "node": "element",
                  "tag": "td",
                },
                Object {
                  "attr": Object {
                    "class": "myCellClass",
                  },
                  "node": "element",
                  "tag": "td",
                },
              ],
              "node": "element",
              "tag": "tr",
            },
            Object {
              "child": Array [
                Object {
                  "child": Array [
                    Object {
                      "node": "text",
                      "text": "ToyStory2",
                    },
                  ],
                  "node": "element",
                  "tag": "td",
                },
                Object {
                  "attr": Object {
                    "class": "myCellClass",
                  },
                  "node": "element",
                  "tag": "td",
                },
              ],
              "node": "element",
              "tag": "tr",
            },
            Object {
              "child": Array [
                Object {
                  "child": Array [
                    Object {
                      "node": "text",
                      "text": "Monsters,Inc.",
                    },
                  ],
                  "node": "element",
                  "tag": "td",
                },
                Object {
                  "attr": Object {
                    "class": "myCellClass",
                  },
                  "node": "element",
                  "tag": "td",
                },
              ],
              "node": "element",
              "tag": "tr",
            },
            Object {
              "child": Array [
                Object {
                  "child": Array [
                    Object {
                      "node": "text",
                      "text": "FindingNemo",
                    },
                  ],
                  "node": "element",
                  "tag": "td",
                },
                Object {
                  "attr": Object {
                    "class": "myCellClass",
                  },
                  "node": "element",
                  "tag": "td",
                },
              ],
              "node": "element",
              "tag": "tr",
            },
          ],
          "node": "element",
          "tag": "tbody",
        },
      ],
      "node": "element",
      "tag": "table",
    },
  ],
  "node": "root",
}
`;
